[     209ms] [INFO] %cDownload the React DevTools for a better development experience: https://react.dev/link/react-devtools font-weight:bold @ http://localhost:3000/_next/static/chunks/node_modules_next_dist_115brz8._.js:2477
[     254ms] [LOG] [HMR] connected @ http://localhost:3000/_next/static/chunks/node_modules_next_dist_115brz8._.js:2477
[     288ms] [ERROR] A tree hydrated but some attributes of the server rendered HTML didn't match the client properties. This won't be patched up. This can happen if a SSR-ed Client Component used:

- A server/client branch `if (typeof window !== 'undefined')`.
- Variable input such as `Date.now()` or `Math.random()` which changes each time it's called.
- Date formatting in a user's locale which doesn't match the server.
- External changing data without sending a snapshot of it along with the HTML.
- Invalid HTML tag nesting.

It can also happen if the client has a browser extension installed which messes with the HTML before React loaded.

%s%s https://react.dev/link/hydration-mismatch 

  ...
    <HTTPAccessFallbackBoundary notFound={undefined} forbidden={undefined} unauthorized={undefined}>
      <RedirectBoundary>
        <RedirectErrorBoundary router={{...}}>
          <InnerLayoutRouter url="/preview" tree={[...]} params={{}} cacheNode={{rsc:{...}, ...}} segmentPath={[...]} ...>
            <SegmentViewNode type="page" pagePath="preview/pa...">
              <SegmentTrieNode>
              <ClientPageRoot Component={function PreviewPage} serverProvidedParams={{...}}>
                <PreviewPage params={Promise} searchParams={Promise}>
                  <div style={{...}}>
                    <button>
                    <div style={{...}}>
                      <ClockTimePicker startH={9} startM={0} endH={10} endM={30} onChange={function onChange} ...>
                        <div style={{display:"flex", ...}}>
                          <div>
                          <svg width="200" height="200" viewBox="0 0 200 200" onClick={function handleClockClick} ...>
                            <circle>
                            <path>
                            <circle>
                            <circle>
                            <circle>
                            <circle>
                            <circle>
                            <circle>
                            <circle>
                            <circle>
                            <circle>
                            <circle>
                            <circle>
                            <circle
                              cx={59.499999999999964}
+                             cy={29.851942293460496}
-                             cy="29.851942293460482"
                              r={2}
                              fill="#8E8E93"
                            >
                            <text>
                            <text>
                            <text>
                            <text>
                            <text>
                            <text>
                            <text>
                            <text>
                            <text>
                            <text>
                            <text>
                            <text
                              x={66.99999999999997}
+                             y={42.84232335022707}
-                             y="42.84232335022706"
                              textAnchor="middle"
                              dominantBaseline="central"
                              fontSize="13"
                              fontWeight="bold"
                              fill="#1C1C1E"
                              style={{userSelect:"none",pointerEvents:"none"}}
                            >
+                             11
                            ...
                    ...
            ...
          ...
 @ http://localhost:3000/_next/static/chunks/node_modules_next_dist_115brz8._.js:3318
[   53900ms] [LOG] [Fast Refresh] rebuilding @ http://localhost:3000/_next/static/chunks/node_modules_next_dist_115brz8._.js:2477
[   53955ms] [LOG] [Fast Refresh] done in 84ms @ http://localhost:3000/_next/static/chunks/node_modules_next_dist_115brz8._.js:2477
[   54123ms] [LOG] [Fast Refresh] rebuilding @ http://localhost:3000/_next/static/chunks/node_modules_next_dist_115brz8._.js:2477
[   54327ms] [ERROR] Failed to load resource: the server responded with a status of 404 (Not Found) @ http://localhost:3000/preview?_rsc=DTBXJVMX8n3uGkGO:0
[   54336ms] [LOG] [Fast Refresh] done in 323ms @ http://localhost:3000/_next/static/chunks/node_modules_next_dist_115brz8._.js:2477
[   54371ms] [ERROR] Failed to load resource: the server responded with a status of 404 (Not Found) @ http://localhost:3000/preview?_rsc=DTBXJVMX8n3uGkGO:0
[   54441ms] [ERROR] Failed to load resource: the server responded with a status of 404 (Not Found) @ http://localhost:3000/preview:0
[   54514ms] [INFO] %cDownload the React DevTools for a better development experience: https://react.dev/link/react-devtools font-weight:bold @ http://localhost:3000/_next/static/chunks/node_modules_next_dist_115brz8._.js:2477
[   54526ms] [LOG] [HMR] connected @ http://localhost:3000/_next/static/chunks/node_modules_next_dist_115brz8._.js:2477
